curl \
	--header "Accept: application/json" \
	"/api-version"