- HTTPRequest
  - path: "/v3/list-connections/"
  - method: post
  - body: {"size":500}
