- HTTPRequest
  - path: "/list-connections/"
  - method: post
  - body: {"size":500}
