- HTTPRequest
  - path: "/v1/conversations/list-ids/"
  - method: post
  - body: {"paging_state":"zero","size":1}
