- HTTPRequest
  - path: "/conversations/list/v2"
  - method: post
  - body: {"qualified_ids":[]}
