- HTTPRequest
  - path: "/v5/conversations/list-ids/"
  - method: post
  - body: {"size":500}
