- HTTPRequest
  - path: "/v1/conversations/list-ids/"
  - method: post
  - body: {"size":500}
