- HTTPRequest
  - path: "/v5/feature-configs"
  - method: get
  - body: none
