- HTTPRequest
  - path: "/v1/feature-configs"
  - method: get
  - body: none
