- HTTPRequest
  - path: "/v2/feature-configs"
  - method: get
  - body: none
