- HTTPRequest
  - path: "/v4/feature-configs"
  - method: get
  - body: none
