- HTTPRequest
  - path: "/v1/clients"
  - method: get
  - body: none
