- HTTPRequest
  - path: "/v3/clients"
  - method: get
  - body: none
