- HTTPRequest
  - path: "/v5/clients"
  - method: get
  - body: none
