- HTTPRequest
  - path: "/v6/clients"
  - method: get
  - body: none
