- HTTPRequest
  - path: "/clients"
  - method: get
  - body: none
