- HTTPRequest
  - path: "/v2/clients"
  - method: get
  - body: none
