- HTTPRequest
  - path: "/v1/teams/213248a1-5499-418f-8173-5010d1c1e506"
  - method: get
  - body: none
