â–¿ HTTPRequest
  - body: Optional<Data>.none
  - method: Method.get
  - path: "/v2/teams/213248a1-5499-418f-8173-5010d1c1e506"
