- HTTPRequest
  - path: "/v6/teams/213248a1-5499-418f-8173-5010d1c1e506/members?maxResults=2000"
  - method: get
  - body: none
