▿ HTTPRequest
  ▿ body: Optional<Data>
    - some: 226 bytes
  - method: Method.post
  - path: "/v4/list-users"
