- HTTPRequest
  - path: "/v6/notifications/last?client=abcd1234"
  - method: get
  - body: none
