- HTTPRequest
  - path: "/notifications/last?client=abcd1234"
  - method: get
  - body: none
