- HTTPRequest
  - path: "/v6/properties/labels"
  - method: get
  - body: none
