- HTTPRequest
  - path: "/v5/properties/WIRE_TYPING_INDICATOR_MODE"
  - method: get
  - body: none
