- HTTPRequest
  - path: "/v5/properties/labels"
  - method: get
  - body: none
