- HTTPRequest
  - path: "/v4/properties/WIRE_RECEIPT_MODE"
  - method: get
  - body: none
