- HTTPRequest
  - path: "/v6/list-connections/"
  - method: post
  - body: {"size":500}
