- HTTPRequest
  - path: "/v5/self"
  - method: get
  - body: none
