- HTTPRequest
  - path: "/v4/self"
  - method: get
  - body: none
