- HTTPRequest
  - path: "/v2/self"
  - method: get
  - body: none
