- HTTPRequest
  - path: "/v5/self/supported-protocols"
  - method: put
  - body: {"supported_protocols":["mls"]}
