- HTTPRequest
  - path: "/v3/self"
  - method: get
  - body: none
