- HTTPRequest
  - path: "/self"
  - method: get
  - body: none
