- HTTPRequest
  - path: "/v1/self"
  - method: get
  - body: none
